
> temp-app@0.1.0 build
> next build

node.exe : 
SyntaxError: 
Unexpected token ' ', 
"          "... is not 
valid JSON
Au caractère Ligne:1 : 
1
+ & "C:\Program 
Files\nodejs/node.exe" 
"C:\Program 
Files\nodejs/node_mo 
...
+ ~~~~~~~~~~~~~~~~~~~~~
~~~~~~~~~~~~~~~~~~~~~~~
~~~~~~~~~~~~~~~~~~~~~~~
~~
    + CategoryInfo     
         : NotSpecifi  
  ed: (SyntaxError:    
 Un... not valid JS    
ON:String) [], Rem    
oteException
    + FullyQualifiedEr 
   rorId : NativeComm  
  andError
 
    at JSON.parse 
(<anonymous>)
Ôû▓ Next.js 16.1.6 (Turbopack)
- Environments: .env

  Creating an optimized production build ...
SyntaxError: 
Unexpected token ' ', 
"          "... is not 
valid JSON
    at JSON.parse 
(<anonymous>)
Ô£ô Compiled successfully in 6.0s
  Running TypeScript ...
  Collecting page data using 7 workers ...
Error: Failed to 
collect configuration 
for /_not-found
    at ignore-listed 
frames {
  [cause]: Error [Prism
aClientInitializationEr
ror]: `PrismaClient` 
needs to be 
constructed with a 
non-empty, valid 
`PrismaClientOptions`:
  
  ```
  new PrismaClient({
    ...
  })
  ```
  
  or
  
  ```
  constructor() {
    super({ ... });
  }
  ```
            
      at module 
evaluation 
(C:\Users\Lo├»c MOUKENA
\Documents\Billet-Congo
\.next\server\chunks\ss
r\[root-of-the-server]_
_73659b54._.js:1:201)
      at 
instantiateModule 
(C:\Users\Lo├»c MOUKENA
\Documents\Billet-Congo
\.next\server\chunks\ss
r\[turbopack]_runtime.j
s:740:9)
      at getOrInstantia
teModuleFromParent 
(C:\Users\Lo├»c MOUKENA
\Documents\Billet-Congo
\.next\server\chunks\ss
r\[turbopack]_runtime.j
s:763:12)
      at 
Context.esmImport [as 
i] (C:\Users\Lo├»c MOUK
ENA\Documents\Billet-Co
ngo\.next\server\chunks
\ssr\[turbopack]_runtim
e.js:228:20)
      at module 
evaluation 
(C:\Users\Lo├»c MOUKENA
\Documents\Billet-Congo
\.next\server\chunks\ss
r\_6e72c3b5._.js:2:338)
      at 
instantiateModule 
(C:\Users\Lo├»c MOUKENA
\Documents\Billet-Congo
\.next\server\chunks\ss
r\[turbopack]_runtime.j
s:740:9)
      at getOrInstantia
teModuleFromParent 
(C:\Users\Lo├»c MOUKENA
\Documents\Billet-Congo
\.next\server\chunks\ss
r\[turbopack]_runtime.j
s:763:12)
      at 
Context.esmImport [as 
i] (C:\Users\Lo├»c MOUK
ENA\Documents\Billet-Co
ngo\.next\server\chunks
\ssr\[turbopack]_runtim
e.js:228:20)
      at module 
evaluation 
(C:\Users\Lo├»c MOUKENA
\Documents\Billet-Congo
\.next\server\chunks\ss
r\[root-of-the-server]_
_73659b54._.js:1:2171) 
{
    clientVersion: 
'7.5.0',
    errorCode: 
undefined,
    retryable: 
undefined
  }
}

> Build error occurred
Error: Failed to 
collect page data for 
/_not-found
    at ignore-listed 
frames {
  type: 'Error'
}
